2026-05-15 13:36:46.938 +05:30 [INF] TrustStateManager initialized
2026-05-15 13:36:47.002 +05:30 [INF] EnforcementManager ready
2026-05-15 13:36:47.003 +05:30 [INF] RecoveryManager initialized (skeleton)
2026-05-15 13:36:47.005 +05:30 [INF] Pipe server started
2026-05-15 13:36:47.016 +05:30 [INF] BLE manager starting with 32feet.NET
2026-05-15 13:36:47.018 +05:30 [INF] All services initialized. Starting host...
2026-05-15 13:36:47.025 +05:30 [INF] Named pipe server waiting for connection on TetherPipe...
2026-05-15 13:36:47.041 +05:30 [INF] Tether Communication Service started successfully
2026-05-15 13:46:36.948 +05:30 [INF] Tether Communication Service is stopping
2026-05-15 13:46:37.454 +05:30 [INF] BLE manager stopped
2026-05-15 13:46:37.462 +05:30 [ERR] Pipe server error: The pipe has been ended.
System.IO.IOException: The pipe has been ended.
   at System.IO.Pipes.PipeStream.PipeValueTaskSource.GetResult(Int16 token)
   at System.IO.Pipes.PipeStream.PipeValueTaskSource.System.Threading.Tasks.Sources.IValueTaskSource.GetResult(Int16 token)
   at System.Threading.Tasks.ValueTask.ValueTaskSourceAsTask.<>c.<.cctor>b__4_0(Object state)
--- End of stack trace from previous location ---
   at Tether.CommunicationService.PipeServer.ListenForClients() in C:\Dev\Tether\services\communication-service\Tether.CommunicationService\PipeServer.cs:line 50
2026-05-15 13:47:11.090 +05:30 [INF] TrustStateManager initialized
2026-05-15 13:47:11.244 +05:30 [INF] EnforcementManager ready
2026-05-15 13:47:11.245 +05:30 [INF] RecoveryManager initialized (skeleton)
2026-05-15 13:47:11.249 +05:30 [INF] Pipe server started
2026-05-15 13:47:11.258 +05:30 [INF] BLE manager starting with 32feet.NET
2026-05-15 13:47:11.259 +05:30 [INF] All services initialized. Starting host...
2026-05-15 13:47:11.267 +05:30 [INF] Named pipe server waiting for connection on TetherPipe...
2026-05-15 13:47:11.304 +05:30 [INF] Tether Communication Service started successfully
2026-05-15 15:16:00.862 +05:30 [INF] Tether Communication Service is stopping
2026-05-15 15:16:27.723 +05:30 [INF] TrustStateManager initialized
2026-05-15 15:16:27.816 +05:30 [INF] EnforcementManager ready
2026-05-15 15:16:27.817 +05:30 [INF] RecoveryManager initialized (skeleton)
2026-05-15 15:16:27.820 +05:30 [INF] Pipe server started
2026-05-15 15:16:27.828 +05:30 [INF] BLE manager starting with 32feet.NET
2026-05-15 15:16:27.830 +05:30 [INF] All services initialized. Starting host...
2026-05-15 15:16:27.837 +05:30 [INF] Named pipe server waiting for connection on TetherPipe...
2026-05-15 15:16:27.865 +05:30 [INF] Tether Communication Service started successfully
2026-05-15 15:23:07.349 +05:30 [INF] Tether Communication Service is stopping
2026-05-15 15:23:08.162 +05:30 [INF] BLE manager stopped
2026-05-15 15:23:08.164 +05:30 [ERR] Pipe server error: The pipe has been ended.
System.IO.IOException: The pipe has been ended.
   at System.IO.Pipes.PipeStream.PipeValueTaskSource.GetResult(Int16 token)
   at System.IO.Pipes.PipeStream.PipeValueTaskSource.System.Threading.Tasks.Sources.IValueTaskSource.GetResult(Int16 token)
   at System.Threading.Tasks.ValueTask.ValueTaskSourceAsTask.<>c.<.cctor>b__4_0(Object state)
--- End of stack trace from previous location ---
   at Tether.CommunicationService.PipeServer.ListenForClients() in C:\Dev\Tether\services\communication-service\Tether.CommunicationService\PipeServer.cs:line 50
2026-05-15 15:23:36.000 +05:30 [INF] TrustStateManager initialized
2026-05-15 15:23:36.169 +05:30 [INF] EnforcementManager ready
2026-05-15 15:23:36.170 +05:30 [INF] RecoveryManager initialized (skeleton)
2026-05-15 15:23:36.172 +05:30 [INF] Pipe server started
2026-05-15 15:23:36.182 +05:30 [INF] BLE manager starting with 32feet.NET
2026-05-15 15:23:36.183 +05:30 [INF] All services initialized. Starting host...
2026-05-15 15:23:36.191 +05:30 [INF] Named pipe server waiting for connection on TetherPipe...
2026-05-15 15:23:36.221 +05:30 [INF] Tether Communication Service started successfully
2026-05-15 15:32:39.754 +05:30 [INF] Tether Communication Service is stopping
2026-05-15 15:37:07.140 +05:30 [INF] TrustStateManager initialized
2026-05-15 15:37:07.336 +05:30 [INF] EnforcementManager ready
2026-05-15 15:37:07.337 +05:30 [INF] RecoveryManager initialized (skeleton)
2026-05-15 15:37:07.348 +05:30 [INF] Pipe server started
2026-05-15 15:37:07.360 +05:30 [INF] BLE manager starting with 32feet.NET
2026-05-15 15:37:07.363 +05:30 [INF] All services initialized. Starting host...
2026-05-15 15:37:07.380 +05:30 [INF] Named pipe server waiting for connection on TetherPipe...
2026-05-15 15:37:07.416 +05:30 [INF] Tether Communication Service started successfully
2026-05-15 15:40:54.437 +05:30 [INF] Tether Communication Service is stopping
2026-05-15 15:41:23.530 +05:30 [INF] TrustStateManager initialized
2026-05-15 15:41:23.617 +05:30 [INF] EnforcementManager ready
2026-05-15 15:41:23.618 +05:30 [INF] RecoveryManager initialized (skeleton)
2026-05-15 15:41:23.623 +05:30 [INF] Pipe server started
2026-05-15 15:41:23.636 +05:30 [INF] BLE manager starting with 32feet.NET
2026-05-15 15:41:23.637 +05:30 [INF] All services initialized. Starting host...
2026-05-15 15:41:23.647 +05:30 [INF] Named pipe server waiting for connection on TetherPipe...
2026-05-15 15:41:23.679 +05:30 [INF] Tether Communication Service started successfully
2026-05-15 15:42:15.764 +05:30 [INF] Tether Communication Service is stopping
2026-05-15 15:45:08.495 +05:30 [INF] TrustStateManager initialized
2026-05-15 15:45:08.601 +05:30 [INF] EnforcementManager ready
2026-05-15 15:45:08.601 +05:30 [INF] RecoveryManager initialized (skeleton)
2026-05-15 15:45:08.603 +05:30 [INF] Pipe server started
2026-05-15 15:45:08.616 +05:30 [INF] BLE manager starting with 32feet.NET
2026-05-15 15:45:08.616 +05:30 [INF] All services initialized. Starting host...
2026-05-15 15:45:08.623 +05:30 [INF] Named pipe server waiting for connection on TetherPipe...
2026-05-15 15:45:08.666 +05:30 [INF] Tether Communication Service started successfully
2026-05-15 15:46:36.578 +05:30 [INF] Tether Communication Service is stopping
2026-05-15 15:46:38.663 +05:30 [INF] BLE manager stopped
2026-05-15 15:46:38.666 +05:30 [ERR] Pipe server error: The pipe has been ended.
System.IO.IOException: The pipe has been ended.
   at System.IO.Pipes.PipeStream.PipeValueTaskSource.GetResult(Int16 token)
   at System.IO.Pipes.PipeStream.PipeValueTaskSource.System.Threading.Tasks.Sources.IValueTaskSource.GetResult(Int16 token)
   at System.Threading.Tasks.ValueTask.ValueTaskSourceAsTask.<>c.<.cctor>b__4_0(Object state)
--- End of stack trace from previous location ---
   at Tether.CommunicationService.PipeServer.ListenForClients() in C:\Dev\Tether\services\communication-service\Tether.CommunicationService\PipeServer.cs:line 50
2026-05-15 15:49:05.930 +05:30 [INF] TrustStateManager initialized
2026-05-15 15:49:06.069 +05:30 [INF] EnforcementManager ready
2026-05-15 15:49:06.070 +05:30 [INF] RecoveryManager initialized (skeleton)
2026-05-15 15:49:06.072 +05:30 [INF] Pipe server started
2026-05-15 15:49:06.097 +05:30 [INF] BLE manager starting with 32feet.NET
2026-05-15 15:49:06.102 +05:30 [INF] Named pipe server waiting for connection on TetherPipe...
2026-05-15 15:49:06.104 +05:30 [INF] All services initialized. Starting host...
2026-05-15 15:49:06.162 +05:30 [INF] Tether Communication Service started successfully
2026-05-15 15:50:01.903 +05:30 [INF] Tether Communication Service is stopping
2026-05-15 15:50:31.032 +05:30 [INF] TrustStateManager initialized
2026-05-15 15:50:31.204 +05:30 [INF] EnforcementManager ready
2026-05-15 15:50:31.204 +05:30 [INF] RecoveryManager initialized (skeleton)
2026-05-15 15:50:31.209 +05:30 [INF] Pipe server started
2026-05-15 15:50:31.218 +05:30 [INF] BLE manager starting with 32feet.NET
2026-05-15 15:50:31.219 +05:30 [INF] All services initialized. Starting host...
2026-05-15 15:50:31.236 +05:30 [INF] Named pipe server waiting for connection on TetherPipe...
2026-05-15 15:50:31.263 +05:30 [INF] Tether Communication Service started successfully
2026-05-15 15:50:45.189 +05:30 [INF] Tether Communication Service is stopping
2026-05-15 15:52:02.026 +05:30 [INF] TrustStateManager initialized
2026-05-15 15:52:02.213 +05:30 [INF] EnforcementManager ready
2026-05-15 15:52:02.216 +05:30 [INF] RecoveryManager initialized (skeleton)
2026-05-15 15:52:02.223 +05:30 [INF] Pipe server started
2026-05-15 15:52:02.229 +05:30 [INF] BLE manager starting with 32feet.NET
2026-05-15 15:52:02.230 +05:30 [INF] All services initialized. Starting host...
2026-05-15 15:52:02.244 +05:30 [INF] Named pipe server waiting for connection on TetherPipe...
2026-05-15 15:52:02.267 +05:30 [INF] Tether Communication Service started successfully
2026-05-15 15:52:16.455 +05:30 [INF] Tether Communication Service is stopping
2026-05-15 15:54:15.173 +05:30 [INF] TrustStateManager initialized
2026-05-15 15:54:15.234 +05:30 [INF] EnforcementManager ready
2026-05-15 15:54:15.235 +05:30 [INF] RecoveryManager initialized (skeleton)
2026-05-15 15:54:15.237 +05:30 [INF] Pipe server started
2026-05-15 15:54:15.243 +05:30 [INF] BLE manager starting with 32feet.NET
2026-05-15 15:54:15.244 +05:30 [INF] All services initialized. Starting host...
2026-05-15 15:54:15.250 +05:30 [INF] Named pipe server waiting for connection on TetherPipe...
2026-05-15 15:54:15.266 +05:30 [INF] Tether Communication Service started successfully
2026-05-15 18:39:47.130 +05:30 [INF] Tether Communication Service is stopping
2026-05-15 18:39:52.187 +05:30 [INF] BLE manager stopped
2026-05-15 18:39:52.199 +05:30 [ERR] Pipe server error: The pipe has been ended.
System.IO.IOException: The pipe has been ended.
   at System.IO.Pipes.PipeStream.PipeValueTaskSource.GetResult(Int16 token)
   at System.IO.Pipes.PipeStream.PipeValueTaskSource.System.Threading.Tasks.Sources.IValueTaskSource.GetResult(Int16 token)
   at System.Threading.Tasks.ValueTask.ValueTaskSourceAsTask.<>c.<.cctor>b__4_0(Object state)
--- End of stack trace from previous location ---
   at Tether.CommunicationService.PipeServer.ListenForClients() in C:\Dev\Tether\services\communication-service\Tether.CommunicationService\PipeServer.cs:line 50
2026-05-15 18:40:55.544 +05:30 [INF] TrustStateManager initialized
2026-05-15 18:40:55.581 +05:30 [INF] EnforcementManager ready
2026-05-15 18:40:55.583 +05:30 [INF] RecoveryManager initialized (skeleton)
2026-05-15 18:40:55.585 +05:30 [INF] Pipe server started
2026-05-15 18:40:55.687 +05:30 [INF] BLE manager starting with 32feet.NET
2026-05-15 18:40:55.722 +05:30 [INF] Named pipe server waiting for connection on TetherPipe...
2026-05-15 18:40:55.722 +05:30 [INF] All services initialized. Starting host...
2026-05-15 18:40:55.761 +05:30 [INF] Tether Communication Service started successfully
2026-05-15 18:45:45.837 +05:30 [INF] Tether Communication Service is stopping
2026-05-15 18:45:45.942 +05:30 [INF] BLE manager stopped
2026-05-15 18:45:45.948 +05:30 [ERR] Pipe server error: The pipe has been ended.
System.IO.IOException: The pipe has been ended.
   at System.IO.Pipes.PipeStream.PipeValueTaskSource.GetResult(Int16 token)
   at System.IO.Pipes.PipeStream.PipeValueTaskSource.System.Threading.Tasks.Sources.IValueTaskSource.GetResult(Int16 token)
   at System.Threading.Tasks.ValueTask.ValueTaskSourceAsTask.<>c.<.cctor>b__4_0(Object state)
--- End of stack trace from previous location ---
   at Tether.CommunicationService.PipeServer.ListenForClients() in C:\Dev\Tether\services\communication-service\Tether.CommunicationService\PipeServer.cs:line 50
2026-05-15 18:48:18.450 +05:30 [INF] TrustStateManager initialized
2026-05-15 18:48:18.490 +05:30 [INF] EnforcementManager ready
2026-05-15 18:48:18.492 +05:30 [INF] RecoveryManager initialized (skeleton)
2026-05-15 18:48:18.494 +05:30 [INF] Pipe server started
2026-05-15 18:48:18.510 +05:30 [INF] Named pipe server waiting for connection on TetherPipe...
2026-05-15 18:48:18.510 +05:30 [INF] BLE manager starting with 32feet.NET
2026-05-15 18:48:18.512 +05:30 [INF] All services initialized. Starting host...
2026-05-15 18:48:18.526 +05:30 [INF] Tether Communication Service started successfully
2026-05-15 18:52:58.148 +05:30 [INF] Desktop UI connected to pipe.
2026-05-15 18:52:58.159 +05:30 [INF] Named pipe server waiting for connection on TetherPipe...
2026-05-15 18:52:58.160 +05:30 [INF] Desktop UI disconnected from pipe
2026-05-15 18:52:58.165 +05:30 [ERR] Pipe server error: The pipe has been ended.
System.IO.IOException: The pipe has been ended.
   at System.IO.Pipes.PipeStream.PipeValueTaskSource.GetResult(Int16 token)
   at System.IO.Pipes.PipeStream.PipeValueTaskSource.System.Threading.Tasks.Sources.IValueTaskSource.GetResult(Int16 token)
   at System.Threading.Tasks.ValueTask.ValueTaskSourceAsTask.<>c.<.cctor>b__4_0(Object state)
--- End of stack trace from previous location ---
   at Tether.CommunicationService.PipeServer.ListenForClients() in C:\Dev\Tether\services\communication-service\Tether.CommunicationService\PipeServer.cs:line 50
2026-05-15 18:53:03.221 +05:30 [INF] Named pipe server waiting for connection on TetherPipe...
2026-05-15 18:54:08.494 +05:30 [INF] Tether Communication Service is stopping
2026-05-15 18:54:08.800 +05:30 [INF] BLE manager stopped
2026-05-15 18:54:08.802 +05:30 [ERR] Pipe server error: The pipe has been ended.
System.IO.IOException: The pipe has been ended.
   at System.IO.Pipes.PipeStream.PipeValueTaskSource.GetResult(Int16 token)
   at System.IO.Pipes.PipeStream.PipeValueTaskSource.System.Threading.Tasks.Sources.IValueTaskSource.GetResult(Int16 token)
   at System.Threading.Tasks.ValueTask.ValueTaskSourceAsTask.<>c.<.cctor>b__4_0(Object state)
--- End of stack trace from previous location ---
   at Tether.CommunicationService.PipeServer.ListenForClients() in C:\Dev\Tether\services\communication-service\Tether.CommunicationService\PipeServer.cs:line 50
2026-05-15 18:55:36.199 +05:30 [INF] TrustStateManager initialized
2026-05-15 18:55:36.235 +05:30 [INF] EnforcementManager ready
2026-05-15 18:55:36.237 +05:30 [INF] RecoveryManager initialized (skeleton)
2026-05-15 18:55:36.239 +05:30 [INF] Pipe server started
2026-05-15 18:55:36.250 +05:30 [INF] Named pipe server waiting for connection on TetherPipe...
2026-05-15 18:55:36.250 +05:30 [INF] BLE manager starting with 32feet.NET
2026-05-15 18:55:36.251 +05:30 [INF] All services initialized. Starting host...
2026-05-15 18:55:36.262 +05:30 [INF] Tether Communication Service started successfully
2026-05-15 18:56:42.292 +05:30 [INF] Desktop UI connected to pipe.
2026-05-15 18:56:42.325 +05:30 [INF] TrustStateManager received event: PHONE_DISCONNECTED
2026-05-15 18:56:42.326 +05:30 [WRN] Enforcing lockdown due to TRUST_LOST
2026-05-15 18:56:42.327 +05:30 [INF] TrustStateManager received event: TRUST_LOST
2026-05-15 18:56:42.328 +05:30 [INF] Trust state changed to LIMITED
2026-05-15 18:56:42.329 +05:30 [INF] Desktop UI disconnected.
2026-05-15 18:56:42.330 +05:30 [INF] Named pipe server waiting for connection on TetherPipe...
